[debug] [2026-06-06T03:57:21.495Z] ----------------------------------------------------------------------
[debug] [2026-06-06T03:57:21.502Z] Command:       /usr/local/bin/node /Users/vnhinfotech/.npm-global/bin/firebase deploy --only functions
[debug] [2026-06-06T03:57:21.503Z] CLI Version:   15.19.0
[debug] [2026-06-06T03:57:21.503Z] Platform:      darwin
[debug] [2026-06-06T03:57:21.503Z] Node Version:  v20.12.2
[debug] [2026-06-06T03:57:21.503Z] Time:          Sat Jun 06 2026 09:27:21 GMT+0530 (India Standard Time)
[debug] [2026-06-06T03:57:21.503Z] ----------------------------------------------------------------------
[debug] 
[debug] [2026-06-06T03:57:22.298Z] > command requires scopes: ["email","openid","https://www.googleapis.com/auth/cloudplatformprojects.readonly","https://www.googleapis.com/auth/firebase","https://www.googleapis.com/auth/cloud-platform"]
[debug] [2026-06-06T03:57:22.298Z] > authorizing via signed-in user (communityadvisory7@gmail.com)
[debug] [2026-06-06T03:57:22.298Z] [iam] checking project communityadvisory-76bf6 for permissions ["cloudfunctions.functions.create","cloudfunctions.functions.delete","cloudfunctions.functions.get","cloudfunctions.functions.list","cloudfunctions.functions.update","cloudfunctions.operations.get","firebase.projects.get"]
[debug] [2026-06-06T03:57:22.299Z] Checked if tokens are valid: true, expires at: 1780720576605
[debug] [2026-06-06T03:57:22.299Z] Checked if tokens are valid: true, expires at: 1780720576605
[debug] [2026-06-06T03:57:22.299Z] >>> [apiv2][query] POST https://cloudresourcemanager.googleapis.com/v1/projects/communityadvisory-76bf6:testIamPermissions [none]
[debug] [2026-06-06T03:57:22.299Z] >>> [apiv2][(partial)header] POST https://cloudresourcemanager.googleapis.com/v1/projects/communityadvisory-76bf6:testIamPermissions  x-goog-user-project=communityadvisory-76bf6
[debug] [2026-06-06T03:57:22.299Z] >>> [apiv2][body] POST https://cloudresourcemanager.googleapis.com/v1/projects/communityadvisory-76bf6:testIamPermissions {"permissions":["cloudfunctions.functions.create","cloudfunctions.functions.delete","cloudfunctions.functions.get","cloudfunctions.functions.list","cloudfunctions.functions.update","cloudfunctions.operations.get","firebase.projects.get"]}
[debug] [2026-06-06T03:57:23.775Z] <<< [apiv2][status] POST https://cloudresourcemanager.googleapis.com/v1/projects/communityadvisory-76bf6:testIamPermissions 200
[debug] [2026-06-06T03:57:23.775Z] <<< [apiv2][body] POST https://cloudresourcemanager.googleapis.com/v1/projects/communityadvisory-76bf6:testIamPermissions {"permissions":["cloudfunctions.functions.create","cloudfunctions.functions.delete","cloudfunctions.functions.get","cloudfunctions.functions.list","cloudfunctions.functions.update","cloudfunctions.operations.get","firebase.projects.get"]}
[debug] [2026-06-06T03:57:23.776Z] Checked if tokens are valid: true, expires at: 1780720576605
[debug] [2026-06-06T03:57:23.776Z] Checked if tokens are valid: true, expires at: 1780720576605
[debug] [2026-06-06T03:57:23.776Z] >>> [apiv2][query] POST https://iam.googleapis.com/v1/projects/communityadvisory-76bf6/serviceAccounts/communityadvisory-76bf6@appspot.gserviceaccount.com:testIamPermissions [none]
[debug] [2026-06-06T03:57:23.776Z] >>> [apiv2][body] POST https://iam.googleapis.com/v1/projects/communityadvisory-76bf6/serviceAccounts/communityadvisory-76bf6@appspot.gserviceaccount.com:testIamPermissions {"permissions":["iam.serviceAccounts.actAs"]}
[debug] [2026-06-06T03:57:25.462Z] <<< [apiv2][status] POST https://iam.googleapis.com/v1/projects/communityadvisory-76bf6/serviceAccounts/communityadvisory-76bf6@appspot.gserviceaccount.com:testIamPermissions 200
[debug] [2026-06-06T03:57:25.463Z] <<< [apiv2][body] POST https://iam.googleapis.com/v1/projects/communityadvisory-76bf6/serviceAccounts/communityadvisory-76bf6@appspot.gserviceaccount.com:testIamPermissions {"permissions":["iam.serviceAccounts.actAs"]}
[info] 
[info] === Deploying to 'communityadvisory-76bf6'...
[info] 
[info] i  deploying functions 
[debug] [2026-06-06T03:57:25.468Z] Checked if tokens are valid: true, expires at: 1780720576605
[debug] [2026-06-06T03:57:25.468Z] Checked if tokens are valid: true, expires at: 1780720576605
[debug] [2026-06-06T03:57:25.468Z] >>> [apiv2][query] GET https://cloudresourcemanager.googleapis.com/v1/projects/communityadvisory-76bf6 [none]
[debug] [2026-06-06T03:57:25.808Z] <<< [apiv2][status] GET https://cloudresourcemanager.googleapis.com/v1/projects/communityadvisory-76bf6 200
[debug] [2026-06-06T03:57:25.808Z] <<< [apiv2][body] GET https://cloudresourcemanager.googleapis.com/v1/projects/communityadvisory-76bf6 {"projectNumber":"187110378547","projectId":"communityadvisory-76bf6","lifecycleState":"ACTIVE","name":"CommunityAdvisory","labels":{"firebase":"enabled","firebase-core":"disabled"},"createTime":"2026-05-28T16:49:46.831Z"}
[info] i  functions: preparing codebase default for deployment 
[info] i  functions: ensuring required API cloudfunctions.googleapis.com is enabled... 
[info] i  functions: ensuring required API cloudbuild.googleapis.com is enabled... 
[info] i  artifactregistry: ensuring required API artifactregistry.googleapis.com is enabled... 
[debug] [2026-06-06T03:57:25.810Z] Checked if tokens are valid: true, expires at: 1780720576605
[debug] [2026-06-06T03:57:25.810Z] Checked if tokens are valid: true, expires at: 1780720576605
[debug] [2026-06-06T03:57:25.810Z] >>> [apiv2][query] GET https://firebase.googleapis.com/v1beta1/projects/communityadvisory-76bf6/adminSdkConfig [none]
[debug] [2026-06-06T03:57:26.632Z] <<< [apiv2][status] GET https://firebase.googleapis.com/v1beta1/projects/communityadvisory-76bf6/adminSdkConfig 200
[debug] [2026-06-06T03:57:26.632Z] <<< [apiv2][body] GET https://firebase.googleapis.com/v1beta1/projects/communityadvisory-76bf6/adminSdkConfig {"projectId":"communityadvisory-76bf6","databaseURL":"https://communityadvisory-76bf6-default-rtdb.firebaseio.com","storageBucket":"communityadvisory-76bf6.firebasestorage.app"}
[debug] [2026-06-06T03:57:26.633Z] Checked if tokens are valid: true, expires at: 1780720576605
[debug] [2026-06-06T03:57:26.633Z] Checked if tokens are valid: true, expires at: 1780720576605
[debug] [2026-06-06T03:57:26.633Z] >>> [apiv2][query] GET https://runtimeconfig.googleapis.com/v1beta1/projects/communityadvisory-76bf6/configs [none]
[debug] [2026-06-06T03:57:27.071Z] <<< [apiv2][status] GET https://runtimeconfig.googleapis.com/v1beta1/projects/communityadvisory-76bf6/configs 200
[debug] [2026-06-06T03:57:27.071Z] <<< [apiv2][body] GET https://runtimeconfig.googleapis.com/v1beta1/projects/communityadvisory-76bf6/configs {}
[debug] [2026-06-06T03:57:27.072Z] Validating nodejs source
[debug] [2026-06-06T03:57:27.545Z] > [functions] package.json contents: {
  "name": "functions",
  "engines": {
    "node": "22"
  },
  "main": "index.js",
  "scripts": {
    "serve": "firebase emulators:start --only functions",
    "shell": "firebase functions:shell",
    "start": "npm run shell",
    "deploy": "firebase deploy --only functions",
    "logs": "firebase functions:log"
  },
  "dependencies": {
    "firebase-admin": "^12.0.0",
    "firebase-functions": "^7.2.5"
  }
}
[debug] [2026-06-06T03:57:27.545Z] Building nodejs source
[info] i  functions: Loading and analyzing source code for codebase default to determine what to deploy 
[debug] [2026-06-06T03:57:27.546Z] Could not find functions.yaml. Must use http discovery
[debug] [2026-06-06T03:57:27.551Z] Found firebase-functions binary at '/Users/vnhinfotech/Desktop/CommunityAdvisory/functions/node_modules/.bin/firebase-functions'
[info] Serving at port 8473

[debug] [2026-06-06T03:57:27.757Z] Got response from /__/functions.yaml {"endpoints":{"sendChatNotification":{"availableMemoryMb":null,"timeoutSeconds":null,"minInstances":null,"maxInstances":null,"ingressSettings":null,"concurrency":null,"serviceAccountEmail":null,"vpc":null,"platform":"gcfv2","region":["asia-south1"],"labels":{},"eventTrigger":{"eventType":"google.cloud.firestore.document.v1.created","eventFilters":{"database":"(default)","namespace":"(default)"},"eventFilterPathPatterns":{"document":"chats/{chatId}/messages/{messageId}"},"retry":false},"entryPoint":"sendChatNotification"}},"specVersion":"v1alpha1","requiredAPIs":[],"extensions":{}}
[debug] [2026-06-06T03:57:32.777Z] Checked if tokens are valid: true, expires at: 1780720576605
[debug] [2026-06-06T03:57:32.777Z] Checked if tokens are valid: true, expires at: 1780720576605
[debug] [2026-06-06T03:57:32.777Z] >>> [apiv2][query] GET https://cloudfunctions.googleapis.com/v1/projects/communityadvisory-76bf6/locations/-/functions [none]
[debug] [2026-06-06T03:57:34.004Z] <<< [apiv2][status] GET https://cloudfunctions.googleapis.com/v1/projects/communityadvisory-76bf6/locations/-/functions 200
[debug] [2026-06-06T03:57:34.004Z] <<< [apiv2][body] GET https://cloudfunctions.googleapis.com/v1/projects/communityadvisory-76bf6/locations/-/functions {}
[debug] [2026-06-06T03:57:34.005Z] Checked if tokens are valid: true, expires at: 1780720576605
[debug] [2026-06-06T03:57:34.005Z] Checked if tokens are valid: true, expires at: 1780720576605
[debug] [2026-06-06T03:57:34.006Z] >>> [apiv2][query] GET https://cloudfunctions.googleapis.com/v2/projects/communityadvisory-76bf6/locations/-/functions filter=environment%3D%22GEN_2%22
[debug] [2026-06-06T03:57:35.240Z] <<< [apiv2][status] GET https://cloudfunctions.googleapis.com/v2/projects/communityadvisory-76bf6/locations/-/functions 200
[debug] [2026-06-06T03:57:35.241Z] <<< [apiv2][body] GET https://cloudfunctions.googleapis.com/v2/projects/communityadvisory-76bf6/locations/-/functions {"functions":[{"name":"projects/communityadvisory-76bf6/locations/asia-south1/functions/sendChatNotification","buildConfig":{"build":"projects/187110378547/locations/asia-south1/builds/88d25973-8ad7-4b25-9c41-98f770666e92","runtime":"nodejs22","entryPoint":"sendChatNotification","source":{"storageSource":{"bucket":"gcf-v2-sources-187110378547-asia-south1","object":"sendChatNotification/function-source.zip","generation":"1780717729992872"}},"environmentVariables":{"GOOGLE_NODE_RUN_SCRIPTS":""},"dockerRepository":"projects/communityadvisory-76bf6/locations/asia-south1/repositories/gcf-artifacts","sourceProvenance":{"resolvedStorageSource":{"bucket":"gcf-v2-sources-187110378547-asia-south1","object":"sendChatNotification/function-source.zip","generation":"1780717729992872"}},"dockerRegistry":"ARTIFACT_REGISTRY","serviceAccount":"projects/communityadvisory-76bf6/serviceAccounts/187110378547-compute@developer.gserviceaccount.com","automaticUpdatePolicy":{}},"serviceConfig":{"service":"projects/communityadvisory-76bf6/locations/asia-south1/services/sendchatnotification","timeoutSeconds":60,"environmentVariables":{"FIREBASE_CONFIG":"{\"projectId\":\"communityadvisory-76bf6\",\"databaseURL\":\"https://communityadvisory-76bf6-default-rtdb.firebaseio.com\",\"storageBucket\":\"communityadvisory-76bf6.firebasestorage.app\"}","GCLOUD_PROJECT":"communityadvisory-76bf6","EVENTARC_CLOUD_EVENT_SOURCE":"projects/communityadvisory-76bf6/locations/asia-south1/services/sendChatNotification","FUNCTION_SIGNATURE_TYPE":"cloudevent","FUNCTION_TARGET":"sendChatNotification","LOG_EXECUTION_ID":"true"},"ingressSettings":"ALLOW_ALL","uri":"https://sendchatnotification-s2gomc7tda-el.a.run.app","serviceAccountEmail":"187110378547-compute@developer.gserviceaccount.com","availableMemory":"256Mi","allTrafficOnLatestRevision":true,"revision":"sendchatnotification-00001-qac","maxInstanceRequestConcurrency":80,"availableCpu":"1"},"eventTrigger":{"trigger":"projects/communityadvisory-76bf6/locations/asia-south1/triggers/sendchatnotification-425597","triggerRegion":"asia-south1","eventType":"google.cloud.firestore.document.v1.created","eventFilters":[{"attribute":"database","value":"(default)"},{"attribute":"namespace","value":"(default)"},{"attribute":"document","value":"chats/{chatId}/messages/{messageId}","operator":"match-path-pattern"}],"pubsubTopic":"projects/communityadvisory-76bf6/topics/eventarc-asia-south1-sendchatnotification-425597-090","serviceAccountEmail":"187110378547-compute@developer.gserviceaccount.com","retryPolicy":"RETRY_POLICY_DO_NOT_RETRY"},"state":"ACTIVE","updateTime":"2026-06-06T03:50:23.897460676Z","labels":{"deployment-tool":"cli-firebase","firebase-functions-hash":"d563b62f8d19976c893d7a1f30baea79ba65ea8b"},"environment":"GEN_2","url":"https://asia-south1-communityadvisory-76bf6.cloudfunctions.net/sendChatNotification","satisfiesPzs":true,"createTime":"2026-06-06T03:48:50.637188252Z","satisfiesPzi":true}]}
[info] i  extensions: ensuring required API firebaseextensions.googleapis.com is enabled... 
[debug] [2026-06-06T03:57:35.246Z] > command requires scopes: ["email","openid","https://www.googleapis.com/auth/cloudplatformprojects.readonly","https://www.googleapis.com/auth/firebase","https://www.googleapis.com/auth/cloud-platform"]
[debug] [2026-06-06T03:57:35.246Z] > authorizing via signed-in user (communityadvisory7@gmail.com)
[debug] [2026-06-06T03:57:35.246Z] [iam] checking project communityadvisory-76bf6 for permissions ["firebase.projects.get","firebaseextensions.instances.list"]
[debug] [2026-06-06T03:57:35.247Z] Checked if tokens are valid: true, expires at: 1780720576605
[debug] [2026-06-06T03:57:35.247Z] Checked if tokens are valid: true, expires at: 1780720576605
[debug] [2026-06-06T03:57:35.247Z] >>> [apiv2][query] POST https://cloudresourcemanager.googleapis.com/v1/projects/communityadvisory-76bf6:testIamPermissions [none]
[debug] [2026-06-06T03:57:35.247Z] >>> [apiv2][(partial)header] POST https://cloudresourcemanager.googleapis.com/v1/projects/communityadvisory-76bf6:testIamPermissions  x-goog-user-project=communityadvisory-76bf6
[debug] [2026-06-06T03:57:35.247Z] >>> [apiv2][body] POST https://cloudresourcemanager.googleapis.com/v1/projects/communityadvisory-76bf6:testIamPermissions {"permissions":["firebase.projects.get","firebaseextensions.instances.list"]}
[debug] [2026-06-06T03:57:36.768Z] <<< [apiv2][status] POST https://cloudresourcemanager.googleapis.com/v1/projects/communityadvisory-76bf6:testIamPermissions 200
[debug] [2026-06-06T03:57:36.768Z] <<< [apiv2][body] POST https://cloudresourcemanager.googleapis.com/v1/projects/communityadvisory-76bf6:testIamPermissions {"permissions":["firebase.projects.get","firebaseextensions.instances.list"]}
[debug] [2026-06-06T03:57:36.769Z] Checked if tokens are valid: true, expires at: 1780720576605
[debug] [2026-06-06T03:57:36.769Z] Checked if tokens are valid: true, expires at: 1780720576605
[debug] [2026-06-06T03:57:36.770Z] >>> [apiv2][query] GET https://firebaseextensions.googleapis.com/v1beta/projects/communityadvisory-76bf6/instances pageSize=100&pageToken=
[debug] [2026-06-06T03:57:38.425Z] <<< [apiv2][status] GET https://firebaseextensions.googleapis.com/v1beta/projects/communityadvisory-76bf6/instances 200
[debug] [2026-06-06T03:57:38.425Z] <<< [apiv2][body] GET https://firebaseextensions.googleapis.com/v1beta/projects/communityadvisory-76bf6/instances {}
[info] i  functions: preparing functions directory for uploading... 
[info] i  functions: packaged /Users/vnhinfotech/Desktop/CommunityAdvisory/functions (8.34 KB) for uploading 
[debug] [2026-06-06T03:57:38.468Z] Checked if tokens are valid: true, expires at: 1780720576605
[debug] [2026-06-06T03:57:38.468Z] Checked if tokens are valid: true, expires at: 1780720576605
[debug] [2026-06-06T03:57:38.468Z] >>> [apiv2][query] GET https://firestore.googleapis.com/v1/projects/communityadvisory-76bf6/databases/(default) [none]
[debug] [2026-06-06T03:57:38.656Z] <<< [apiv2][status] GET https://firestore.googleapis.com/v1/projects/communityadvisory-76bf6/databases/(default) 200
[debug] [2026-06-06T03:57:38.656Z] <<< [apiv2][body] GET https://firestore.googleapis.com/v1/projects/communityadvisory-76bf6/databases/(default) {"name":"projects/communityadvisory-76bf6/databases/(default)","uid":"0208a903-edf2-4c93-ba3c-a92d8fab374b","createTime":"2026-05-28T17:47:01.938006Z","updateTime":"2026-05-28T17:47:01.938006Z","locationId":"asia-south1","type":"FIRESTORE_NATIVE","concurrencyMode":"PESSIMISTIC","versionRetentionPeriod":"3600s","earliestVersionTime":"2026-06-06T02:57:38.752636Z","appEngineIntegrationMode":"DISABLED","keyPrefix":"j","pointInTimeRecoveryEnablement":"POINT_IN_TIME_RECOVERY_DISABLED","deleteProtectionState":"DELETE_PROTECTION_DISABLED","databaseEdition":"STANDARD","freeTier":true,"realtimeUpdatesMode":"REALTIME_UPDATES_MODE_ENABLED","etag":"IJ2TiLrc8ZQDML22sqXF3JQD"}
[info] i  functions: ensuring required API run.googleapis.com is enabled... 
[info] i  functions: ensuring required API eventarc.googleapis.com is enabled... 
[info] i  functions: ensuring required API pubsub.googleapis.com is enabled... 
[info] i  functions: ensuring required API storage.googleapis.com is enabled... 
[info] i  functions: generating the service identity for pubsub.googleapis.com... 
[debug] [2026-06-06T03:57:38.661Z] Checked if tokens are valid: true, expires at: 1780720576605
[debug] [2026-06-06T03:57:38.661Z] Checked if tokens are valid: true, expires at: 1780720576605
[info] i  functions: generating the service identity for eventarc.googleapis.com... 
[debug] [2026-06-06T03:57:38.662Z] Checked if tokens are valid: true, expires at: 1780720576605
[debug] [2026-06-06T03:57:38.662Z] Checked if tokens are valid: true, expires at: 1780720576605
[debug] [2026-06-06T03:57:38.662Z] >>> [apiv2][query] POST https://serviceusage.googleapis.com/v1beta1/projects/187110378547/services/pubsub.googleapis.com:generateServiceIdentity [none]
[debug] [2026-06-06T03:57:38.662Z] >>> [apiv2][(partial)header] POST https://serviceusage.googleapis.com/v1beta1/projects/187110378547/services/pubsub.googleapis.com:generateServiceIdentity  x-goog-user-project=187110378547
[debug] [2026-06-06T03:57:38.662Z] >>> [apiv2][body] POST https://serviceusage.googleapis.com/v1beta1/projects/187110378547/services/pubsub.googleapis.com:generateServiceIdentity {}
[debug] [2026-06-06T03:57:38.664Z] >>> [apiv2][query] POST https://serviceusage.googleapis.com/v1beta1/projects/187110378547/services/eventarc.googleapis.com:generateServiceIdentity [none]
[debug] [2026-06-06T03:57:38.664Z] >>> [apiv2][(partial)header] POST https://serviceusage.googleapis.com/v1beta1/projects/187110378547/services/eventarc.googleapis.com:generateServiceIdentity  x-goog-user-project=187110378547
[debug] [2026-06-06T03:57:38.664Z] >>> [apiv2][body] POST https://serviceusage.googleapis.com/v1beta1/projects/187110378547/services/eventarc.googleapis.com:generateServiceIdentity {}
[debug] [2026-06-06T03:57:40.513Z] <<< [apiv2][status] POST https://serviceusage.googleapis.com/v1beta1/projects/187110378547/services/eventarc.googleapis.com:generateServiceIdentity 200
[debug] [2026-06-06T03:57:40.513Z] <<< [apiv2][body] POST https://serviceusage.googleapis.com/v1beta1/projects/187110378547/services/eventarc.googleapis.com:generateServiceIdentity {"name":"operations/finished.DONE_OPERATION","done":true,"response":{"@type":"type.googleapis.com/google.api.serviceusage.v1beta1.ServiceIdentity","email":"service-187110378547@gcp-sa-eventarc.iam.gserviceaccount.com","uniqueId":"103576457662769858971"}}
[debug] [2026-06-06T03:57:40.531Z] <<< [apiv2][status] POST https://serviceusage.googleapis.com/v1beta1/projects/187110378547/services/pubsub.googleapis.com:generateServiceIdentity 200
[debug] [2026-06-06T03:57:40.531Z] <<< [apiv2][body] POST https://serviceusage.googleapis.com/v1beta1/projects/187110378547/services/pubsub.googleapis.com:generateServiceIdentity {"name":"operations/finished.DONE_OPERATION","done":true,"response":{"@type":"type.googleapis.com/google.api.serviceusage.v1beta1.ServiceIdentity","email":"service-187110378547@gcp-sa-pubsub.iam.gserviceaccount.com","uniqueId":"113504223227334750317"}}
[debug] [2026-06-06T03:57:40.535Z] Checked if tokens are valid: true, expires at: 1780720576605
[debug] [2026-06-06T03:57:40.535Z] Checked if tokens are valid: true, expires at: 1780720576605
[debug] [2026-06-06T03:57:40.535Z] >>> [apiv2][query] GET https://cloudresourcemanager.googleapis.com/v1/projects/communityadvisory-76bf6 [none]
[debug] [2026-06-06T03:57:40.838Z] <<< [apiv2][status] GET https://cloudresourcemanager.googleapis.com/v1/projects/communityadvisory-76bf6 200
[debug] [2026-06-06T03:57:40.838Z] <<< [apiv2][body] GET https://cloudresourcemanager.googleapis.com/v1/projects/communityadvisory-76bf6 {"projectNumber":"187110378547","projectId":"communityadvisory-76bf6","lifecycleState":"ACTIVE","name":"CommunityAdvisory","labels":{"firebase":"enabled","firebase-core":"disabled"},"createTime":"2026-05-28T16:49:46.831Z"}
[debug] [2026-06-06T03:57:40.839Z] Checked if tokens are valid: true, expires at: 1780720576605
[debug] [2026-06-06T03:57:40.839Z] Checked if tokens are valid: true, expires at: 1780720576605
[debug] [2026-06-06T03:57:40.839Z] >>> [apiv2][query] GET https://compute.googleapis.com/compute/v1/projects/187110378547 [none]
[debug] [2026-06-06T03:57:41.273Z] <<< [apiv2][status] GET https://compute.googleapis.com/compute/v1/projects/187110378547 403
[debug] [2026-06-06T03:57:41.273Z] <<< [apiv2][body] GET https://compute.googleapis.com/compute/v1/projects/187110378547 {"error":{"code":403,"message":"Compute Engine API has not been used in project 187110378547 before or it is disabled. Enable it by visiting https://console.developers.google.com/apis/api/compute.googleapis.com/overview?project=187110378547 then retry. If you enabled this API recently, wait a few minutes for the action to propagate to our systems and retry.","errors":[{"message":"Compute Engine API has not been used in project 187110378547 before or it is disabled. Enable it by visiting https://console.developers.google.com/apis/api/compute.googleapis.com/overview?project=187110378547 then retry. If you enabled this API recently, wait a few minutes for the action to propagate to our systems and retry.","domain":"usageLimits","reason":"accessNotConfigured","extendedHelp":"https://console.developers.google.com"}],"status":"PERMISSION_DENIED","details":[{"@type":"type.googleapis.com/google.rpc.ErrorInfo","reason":"SERVICE_DISABLED","domain":"googleapis.com","metadata":{"activationUrl":"https://console.developers.google.com/apis/api/compute.googleapis.com/overview?project=187110378547","service":"compute.googleapis.com","serviceTitle":"Compute Engine API","consumer":"projects/187110378547","containerInfo":"187110378547"}},{"@type":"type.googleapis.com/google.rpc.LocalizedMessage","locale":"en-US","message":"Compute Engine API has not been used in project 187110378547 before or it is disabled. Enable it by visiting https://console.developers.google.com/apis/api/compute.googleapis.com/overview?project=187110378547 then retry. If you enabled this API recently, wait a few minutes for the action to propagate to our systems and retry."},{"@type":"type.googleapis.com/google.rpc.Help","links":[{"description":"Google developers console API activation","url":"https://console.developers.google.com/apis/api/compute.googleapis.com/overview?project=187110378547"}]}]}}
[debug] [2026-06-06T03:57:41.274Z] unable to look up default compute service account. Falling back to 187110378547-compute@developer.gserviceaccount.com. Error: {"name":"FirebaseError","children":[],"context":{"body":{"error":{"code":403,"message":"Compute Engine API has not been used in project 187110378547 before or it is disabled. Enable it by visiting https://console.developers.google.com/apis/api/compute.googleapis.com/overview?project=187110378547 then retry. If you enabled this API recently, wait a few minutes for the action to propagate to our systems and retry.","errors":[{"message":"Compute Engine API has not been used in project 187110378547 before or it is disabled. Enable it by visiting https://console.developers.google.com/apis/api/compute.googleapis.com/overview?project=187110378547 then retry. If you enabled this API recently, wait a few minutes for the action to propagate to our systems and retry.","domain":"usageLimits","reason":"accessNotConfigured","extendedHelp":"https://console.developers.google.com"}],"status":"PERMISSION_DENIED","details":[{"@type":"type.googleapis.com/google.rpc.ErrorInfo","reason":"SERVICE_DISABLED","domain":"googleapis.com","metadata":{"activationUrl":"https://console.developers.google.com/apis/api/compute.googleapis.com/overview?project=187110378547","service":"compute.googleapis.com","serviceTitle":"Compute Engine API","consumer":"projects/187110378547","containerInfo":"187110378547"}},{"@type":"type.googleapis.com/google.rpc.LocalizedMessage","locale":"en-US","message":"Compute Engine API has not been used in project 187110378547 before or it is disabled. Enable it by visiting https://console.developers.google.com/apis/api/compute.googleapis.com/overview?project=187110378547 then retry. If you enabled this API recently, wait a few minutes for the action to propagate to our systems and retry."},{"@type":"type.googleapis.com/google.rpc.Help","links":[{"description":"Google developers console API activation","url":"https://console.developers.google.com/apis/api/compute.googleapis.com/overview?project=187110378547"}]}]}},"response":{"statusCode":403}},"exit":1,"message":"Request to https://compute.googleapis.com/compute/v1/projects/187110378547 had HTTP Error: 403, Compute Engine API has not been used in project 187110378547 before or it is disabled. Enable it by visiting https://console.developers.google.com/apis/api/compute.googleapis.com/overview?project=187110378547 then retry. If you enabled this API recently, wait a few minutes for the action to propagate to our systems and retry.","status":403}
[debug] [2026-06-06T03:57:41.279Z] Checked if tokens are valid: true, expires at: 1780720576605
[debug] [2026-06-06T03:57:41.279Z] Checked if tokens are valid: true, expires at: 1780720576605
[debug] [2026-06-06T03:57:41.279Z] >>> [apiv2][query] GET https://cloudbilling.googleapis.com/v1/projects/communityadvisory-76bf6/billingInfo [none]
[debug] [2026-06-06T03:57:42.815Z] <<< [apiv2][status] GET https://cloudbilling.googleapis.com/v1/projects/communityadvisory-76bf6/billingInfo 200
[debug] [2026-06-06T03:57:42.816Z] <<< [apiv2][body] GET https://cloudbilling.googleapis.com/v1/projects/communityadvisory-76bf6/billingInfo {"name":"projects/communityadvisory-76bf6/billingInfo","projectId":"communityadvisory-76bf6","billingAccountName":"billingAccounts/01DBEE-45110B-556C00","billingEnabled":true}
[debug] [2026-06-06T03:57:42.822Z] Checked if tokens are valid: true, expires at: 1780720576605
[debug] [2026-06-06T03:57:42.822Z] Checked if tokens are valid: true, expires at: 1780720576605
[debug] [2026-06-06T03:57:42.822Z] >>> [apiv2][query] POST https://cloudfunctions.googleapis.com/v2/projects/communityadvisory-76bf6/locations/asia-south1/functions:generateUploadUrl [none]
[debug] [2026-06-06T03:57:43.646Z] <<< [apiv2][status] POST https://cloudfunctions.googleapis.com/v2/projects/communityadvisory-76bf6/locations/asia-south1/functions:generateUploadUrl 200
[debug] [2026-06-06T03:57:43.646Z] <<< [apiv2][body] POST https://cloudfunctions.googleapis.com/v2/projects/communityadvisory-76bf6/locations/asia-south1/functions:generateUploadUrl {"uploadUrl":"https://storage.googleapis.com/gcf-v2-uploads-187110378547.asia-south1.cloudfunctions.appspot.com/6dd74cb4-b171-4fc1-8d12-0e8c7d6ee5ef.zip?GoogleAccessId=service-187110378547@gcf-admin-robot.iam.gserviceaccount.com&Expires=1780720063&Signature=oZRniOnHyviFI0q6wi6SjSL%2Fv0D7bnusOPwAvvhVP%2FbtJL2d%2FomBqYQEVKZ6BmPs0EztznxBgELXIK5ra%2Fvr2fLuIfieifIxfS4jS%2FfitoxMKc7j7aL6xA7Ot0TpPiGj%2FTsbOmE7k5wPLMyJlvQYCP8RqIcL91bbqGuh0ZfgzkNrnGJd6zwSX74M2plMp8e6lb%2FHJc2fWgNYVbde4G7rNTTm8HhNpC5zXJsqwlyuxl4yx3QJroWr77G%2F8jDbeqhLzUfAq8gyGTFKzhCnX71B%2BXrDHtrBnn5g7wtEQ1Y2ibGSPUt5DtL1cwLujJUfIFKJduP3MCLolxMU8OR5YMSmGw%3D%3D","storageSource":{"bucket":"gcf-v2-uploads-187110378547.asia-south1.cloudfunctions.appspot.com","object":"6dd74cb4-b171-4fc1-8d12-0e8c7d6ee5ef.zip"}}
[debug] [2026-06-06T03:57:43.650Z] >>> [apiv2][query] PUT https://storage.googleapis.com/gcf-v2-uploads-187110378547.asia-south1.cloudfunctions.appspot.com/6dd74cb4-b171-4fc1-8d12-0e8c7d6ee5ef.zip GoogleAccessId=service-187110378547%40gcf-admin-robot.iam.gserviceaccount.com&Expires=1780720063&Signature=oZRniOnHyviFI0q6wi6SjSL%2Fv0D7bnusOPwAvvhVP%2FbtJL2d%2FomBqYQEVKZ6BmPs0EztznxBgELXIK5ra%2Fvr2fLuIfieifIxfS4jS%2FfitoxMKc7j7aL6xA7Ot0TpPiGj%2FTsbOmE7k5wPLMyJlvQYCP8RqIcL91bbqGuh0ZfgzkNrnGJd6zwSX74M2plMp8e6lb%2FHJc2fWgNYVbde4G7rNTTm8HhNpC5zXJsqwlyuxl4yx3QJroWr77G%2F8jDbeqhLzUfAq8gyGTFKzhCnX71B%2BXrDHtrBnn5g7wtEQ1Y2ibGSPUt5DtL1cwLujJUfIFKJduP3MCLolxMU8OR5YMSmGw%3D%3D
[debug] [2026-06-06T03:57:43.650Z] >>> [apiv2][body] PUT https://storage.googleapis.com/gcf-v2-uploads-187110378547.asia-south1.cloudfunctions.appspot.com/6dd74cb4-b171-4fc1-8d12-0e8c7d6ee5ef.zip [stream]
[debug] [2026-06-06T03:57:43.857Z] <<< [apiv2][status] PUT https://storage.googleapis.com/gcf-v2-uploads-187110378547.asia-south1.cloudfunctions.appspot.com/6dd74cb4-b171-4fc1-8d12-0e8c7d6ee5ef.zip 200
[debug] [2026-06-06T03:57:43.857Z] <<< [apiv2][body] PUT https://storage.googleapis.com/gcf-v2-uploads-187110378547.asia-south1.cloudfunctions.appspot.com/6dd74cb4-b171-4fc1-8d12-0e8c7d6ee5ef.zip [omitted]
[info] ✔  functions: functions source uploaded successfully 
[info] i  functions: updating Node.js 22 (2nd Gen) function sendChatNotification(asia-south1)... 
[debug] [2026-06-06T03:57:43.867Z] Checked if tokens are valid: true, expires at: 1780720576605
[debug] [2026-06-06T03:57:43.867Z] Checked if tokens are valid: true, expires at: 1780720576605
[debug] [2026-06-06T03:57:43.867Z] >>> [apiv2][query] PATCH https://cloudfunctions.googleapis.com/v2/projects/communityadvisory-76bf6/locations/asia-south1/functions/sendChatNotification updateMask=name%2CbuildConfig.runtime%2CbuildConfig.entryPoint%2CbuildConfig.source.storageSource.bucket%2CbuildConfig.source.storageSource.object%2CbuildConfig.environmentVariables%2CbuildConfig.sourceToken%2CserviceConfig.environmentVariables%2CserviceConfig.ingressSettings%2CserviceConfig.timeoutSeconds%2CserviceConfig.serviceAccountEmail%2CserviceConfig.availableMemory%2CserviceConfig.minInstanceCount%2CserviceConfig.maxInstanceCount%2CserviceConfig.maxInstanceRequestConcurrency%2CserviceConfig.availableCpu%2CserviceConfig.vpcConnector%2CserviceConfig.vpcConnectorEgressSettings%2CserviceConfig.directVpcNetworkInterface%2CserviceConfig.directVpcEgress%2Clabels%2CeventTrigger.eventType%2CeventTrigger.retryPolicy%2CeventTrigger.eventFilters%2CeventTrigger.triggerRegion
[debug] [2026-06-06T03:57:43.867Z] >>> [apiv2][body] PATCH https://cloudfunctions.googleapis.com/v2/projects/communityadvisory-76bf6/locations/asia-south1/functions/sendChatNotification {"name":"projects/communityadvisory-76bf6/locations/asia-south1/functions/sendChatNotification","buildConfig":{"runtime":"nodejs22","entryPoint":"sendChatNotification","source":{"storageSource":{"bucket":"gcf-v2-uploads-187110378547.asia-south1.cloudfunctions.appspot.com","object":"6dd74cb4-b171-4fc1-8d12-0e8c7d6ee5ef.zip"}},"environmentVariables":{"GOOGLE_NODE_RUN_SCRIPTS":""}},"serviceConfig":{"environmentVariables":{"FIREBASE_CONFIG":"{\"projectId\":\"communityadvisory-76bf6\",\"databaseURL\":\"https://communityadvisory-76bf6-default-rtdb.firebaseio.com\",\"storageBucket\":\"communityadvisory-76bf6.firebasestorage.app\"}","GCLOUD_PROJECT":"communityadvisory-76bf6","EVENTARC_CLOUD_EVENT_SOURCE":"projects/communityadvisory-76bf6/locations/asia-south1/services/sendChatNotification","FUNCTION_SIGNATURE_TYPE":"cloudevent","FUNCTION_TARGET":"sendChatNotification","LOG_EXECUTION_ID":"true"},"ingressSettings":null,"timeoutSeconds":null,"serviceAccountEmail":null,"availableMemory":"256Mi","minInstanceCount":null,"maxInstanceCount":null,"maxInstanceRequestConcurrency":80,"availableCpu":"1","vpcConnector":null,"vpcConnectorEgressSettings":null,"directVpcNetworkInterface":null,"directVpcEgress":null},"labels":{"deployment-tool":"cli-firebase","firebase-functions-hash":"fcee32e35f6320978a04cbecc627427fd968635f"},"eventTrigger":{"eventType":"google.cloud.firestore.document.v1.created","retryPolicy":"RETRY_POLICY_DO_NOT_RETRY","eventFilters":[{"attribute":"database","value":"(default)"},{"attribute":"namespace","value":"(default)"},{"attribute":"document","value":"chats/{chatId}/messages/{messageId}","operator":"match-path-pattern"}],"triggerRegion":"asia-south1"}}
